// Jest Snapshot v1, https://goo.gl/fbAQLP

exports[`Home Snapshot Test 1`] = `
<DocumentFragment>
  <div
    class="home"
  >
    <div
      class="sc-bwzfXH lhcaPW welcome-words"
      direction="alternate-reverse"
      id="pulse"
      type="pulse"
    >
      Welcome, use the Search Bar above to find any pictures held in the public NASA archives.
    </div>
    <hr />
  </div>
</DocumentFragment>
`;
